SwiftScript program does not exist: modis.swift

For usage information:  swift -help

