Swift 0.95 RC6 swift-r7900 cog-r3908
RunID: run003
Progress: Wed, 16 Jul 2014 13:52:04-0500
Final status:Wed, 16 Jul 2014 13:52:04-0500
