Swift 0.95 RC6 swift-r7900 cog-r3908
RunID: run001
Warning: The @ syntax for function invocation is deprecated
Progress: Wed, 16 Jul 2014 13:49:40-0500
Final status:Wed, 16 Jul 2014 13:49:40-0500
